// Vitest Snapshot v1, https://vitest.dev/guide/snapshot.html

exports[`Article > should render correctly 1`] = `
"<navbar-stub data-v-a3507ac1=""></navbar-stub>
<section data-v-a3507ac1="" class="article__wrapper">
  <div data-v-a3507ac1="" class="article__container">
    <content-stub data-v-a3507ac1="" articledata="[object Object]"></content-stub>
  </div>
</section>"
`;
