// Vitest Snapshot v1, https://vitest.dev/guide/snapshot.html

exports[`Default layout > should render correctly 1`] = `
"<v-layout data-v-433a9abd="" class="rounded rounded-md">
  <v-app-bar data-v-433a9abd="" color="admin-layout">
    <v-app-bar-nav-icon data-v-433a9abd="" icon="mdi-hamburger"></v-app-bar-nav-icon>
    <v-toolbar-title data-v-433a9abd="">Admin</v-toolbar-title>
    <v-spacer data-v-433a9abd=""></v-spacer>
    <v-btn data-v-433a9abd=""><img data-v-433a9abd="" src="/logout.png" alt=""></v-btn>
  </v-app-bar>
  <v-navigation-drawer data-v-433a9abd="" modelvalue="false">
    <v-divider data-v-433a9abd=""></v-divider>
    <v-list-item data-v-433a9abd="" class="list-item my-2" title="profile"></v-list-item>
    <v-list-item data-v-433a9abd="" class="list-item my-2" title="post"></v-list-item>
    <v-list-item data-v-433a9abd="" class="list-item my-2" title="category"></v-list-item>
    <v-list-item data-v-433a9abd="" class="list-item my-2" title="images"></v-list-item>
    <v-list-item data-v-433a9abd="" class="list-item my-2" title="tags"></v-list-item>
  </v-navigation-drawer>
  <v-main data-v-433a9abd=""></v-main>
</v-layout>"
`;
