// Vitest Snapshot v1, https://vitest.dev/guide/snapshot.html

exports[`Navbar > should render correctly 1`] = `
"<nav data-v-0e20c101="" class="navbar__wrapper">
  <div data-v-0e20c101="" class="navbar__container">
    <div data-v-0e20c101="" class="navbar__title"></div>
    <div data-v-0e20c101="" class="button__section">
      <ul data-v-0e20c101="" class="navigate__section">
        <li data-v-0e20c101="" class="active-route">post</li>
        <li data-v-0e20c101="" class="">about</li>
        <li data-v-0e20c101="" class="">category</li>
      </ul>
      <div data-v-0e20c101="" class="light__button">
        <light-mode-button-stub data-v-0e20c101=""></light-mode-button-stub>
      </div>
    </div>
  </div>
</nav>"
`;
